[hedvige-xddzgxsai9.figweb.site/Registro/index.html]
[hedvige-xddzgxsai9.figweb.site/Catalogo/index.html]
[hedvige-xddzgxsai9.figweb.site/Iniciar-Sesion/index.html]
[backblue.gif]
[fade.gif]
[index.html]
[hedvige-xddzgxsai9.figweb.site/cdn-cgi/imagedelivery/s-dfVpmPR-aKHmwFNwAgnQ/hedvige-xddzgxsai9.figweb.site-a48bd913611cf24f9ac599478b323551e81a8dd8/public.jpg]
[hedvige-xddzgxsai9.figweb.site/ClientesAdmin/index.html]
[hedvige-xddzgxsai9.figweb.site/__assets/runtime-9cb008d88f0d2498de069d7e0f61e223f992206b.js]
[hedvige-xddzgxsai9.figweb.site/cdn-cgi/imagedelivery/s-dfVpmPR-aKHmwFNwAgnQ/hedvige-xddzgxsai9.figweb.site-cc9e226daf55ab346512e8fffcf967ea0019d478/h=64.png]
[hedvige-xddzgxsai9.figweb.site/Catalogo/index.html]
[hedvige-xddzgxsai9.figweb.site/cdn-cgi/imagedelivery/s-dfVpmPR-aKHmwFNwAgnQ/hedvige-xddzgxsai9.figweb.site-4b88b2b0cad61ab72053b14352c4d58217bba900/public.jpg]
[hedvige-xddzgxsai9.figweb.site/Registro/index.html]
[hedvige-xddzgxsai9.figweb.site/cdn-cgi/imagedelivery/s-dfVpmPR-aKHmwFNwAgnQ/hedvige-xddzgxsai9.figweb.site-3a49a48a1628f1a2a06c7f89a14939f2677a3fe4/public.jpg]
[hedvige-xddzgxsai9.figweb.site/Iniciar-Sesion/index.html]
[hedvige-xddzgxsai9.figweb.site/cdn-cgi/imagedelivery/s-dfVpmPR-aKHmwFNwAgnQ/hedvige-xddzgxsai9.figweb.site-94724d1e5b0552590ad4706c71146259c64f638b/public.jpg]
[hedvige-xddzgxsai9.figweb.site/ClientesAdmin/index.html]
[hedvige-xddzgxsai9.figweb.site/feed/en.html]
